•Tweak-MIUI13-Module-A-Module-Apollo-Pro-test:

-v3: lite change.

-v2: debloat RideModeAudio.

-v1: test update.json.
